{
'demo0005:TIMEOUTPJC_TEST/WHEN-NEW-FORM-INSTANCE.tgg':[
3,
],
}
