{
'utPLSQL3:source/core/annotations/ut_annotation_cache.sql':[
24,
],
'utPLSQL3:source/core/annotations/ut_annotation_cache_info.sql':[
22,
],
'utPLSQL3:source/core/annotations/ut_annotation_cache_manager.pkb':[
94,
],
'utPLSQL3:source/core/coverage/ut_coverage_sources_tmp.sql':[
24,
],
'utPLSQL3:source/core/output_buffers/ut_output_buffer_info_tmp.sql':[
23,
],
'utPLSQL3:source/core/output_buffers/ut_output_buffer_tmp.sql':[
27,
],
'utPLSQL3:source/create_synonyms_and_grants_for_public.sql':[
106,
],
'utPLSQL3:source/create_user_grants.sql':[
37,
],
'utPLSQL3:source/create_user_synonyms.sql':[
37,
],
'utPLSQL3:source/create_utplsql_owner.sql':[
30,
],
'utPLSQL3:source/define_ut3_owner_param.sql':[
49,
],
}
