{
'alexandria-plsql-utils:demos/02_create_temp_directory.sql':[
4,
],
'alexandria-plsql-utils:demos/string_util_pkg_demo.sql':[
39,
],
'alexandria-plsql-utils:setup/grants.sql':[
5,
],
}
