{
'demo0008:P_WHEN_NEW_FORM_INSTANCE.pcd':[
13,
14,
15,
30,
50,
70,
90,
],
}
