{
'utPLSQL2:examples/filepath1.pkg':[
104,
],
'utPLSQL2:examples/mybooks_setup.sql':[
17,
],
'utPLSQL2:examples/str2list.pkg':[
62,
],
'utPLSQL2:source/ut_assertion.tab':[
33,
],
'utPLSQL2:source/ut_config.pkb':[
680,
],
'utPLSQL2:source/ut_gen.pkb':[
222,
],
'utPLSQL2:source/ut_i_preprocess.sql':[
23,
],
'utPLSQL2:source/ut_i_synonyms.sql':[
24,
],
'utPLSQL2:source/ut_outcome.tab':[
22,
],
'utPLSQL2:source/ut_package.tab':[
21,
],
'utPLSQL2:source/ut_receq.tab':[
12,
],
'utPLSQL2:source/ut_suite.tab':[
17,
],
'utPLSQL2:source/ut_test.tab':[
14,
],
'utPLSQL2:source/ut_testcase.tab':[
25,
],
}
