{
'demo0011:BUILTINS/BUILTINS__READ_IMAGE__WHEN-BUTTON-PRESSED.tgg':[
5,
],
}
