{
'demo0016:C/C__CBOX__KEY-NEXT-ITEM.tgg':[
12,
],
'demo0016:CHK_CBOX3/WHEN-TIMER-EXPIRED.tgg':[
2,
],
'demo0016:PKG_CBOX.pkb':[
65,
],
}
